Found 1086 files belonging to 4 classes.
Using 869 files for training.
To enable the following instructions: SSE3 SSE4.1 SSE4.2 AVX AVX2 AVX_VNNI FMA, in other operations, rebuild TensorFlow with the appropriate compiler flags.
Found 1086 files belonging to 4 classes.
Using 217 files for validation.
[data] classes = ['circle', 'cross', 'other', 'square']

[stage 1] ­áµ² backbone¡A°V½m¤ÀÃþÀY ...
Epoch 1/25

[1m 1/28[0m [37m====================[0m [1m1:52[0m 4s/step - accuracy: 0.4375 - loss: 1.3462
[1m 2/28[0m [32m=[0m[37m===================[0m [1m8s[0m 311ms/step - accuracy: 0.4219 - loss: 1.3268
[1m 3/28[0m [32m==[0m[37m==================[0m [1m6s[0m 271ms/step - accuracy: 0.4340 - loss: 1.2958
[1m 4/28[0m [32m==[0m[37m==================[0m [1m6s[0m 257ms/step - accuracy: 0.4525 - loss: 1.2571
[1m 5/28[0m [32m===[0m[37m=================[0m [1m5s[0m 251ms/step - accuracy: 0.4682 - loss: 1.2278
[1m 6/28[0m [32m====[0m[37m================[0m [1m5s[0m 246ms/step - accuracy: 0.4857 - loss: 1.1988
[1m 7/28[0m [32m=====[0m[37m===============[0m [1m5s[0m 244ms/step - accuracy: 0.5011 - loss: 1.1718
[1m 8/28[0m [32m=====[0m[37m===============[0m [1m4s[0m 243ms/step - accuracy: 0.5166 - loss: 1.1444
[1m 9/28[0m [32m======[0m[37m==============[0m [1m4s[0m 242ms/step - accuracy: 0.5310 - loss: 1.1191
[1m10/28[0m [32m=======[0m[37m=============[0m [1m4s[0m 241ms/step - accuracy: 0.5451 - loss: 1.0948
[1m11/28[0m [32m=======[0m[37m=============[0m [1m4s[0m 240ms/step - accuracy: 0.5572 - loss: 1.0718
[1m12/28[0m [32m========[0m[37m============[0m [1m3s[0m 240ms/step - accuracy: 0.5687 - loss: 1.0496
[1m13/28[0m [32m=========[0m[37m===========[0m [1m3s[0m 241ms/step - accuracy: 0.5793 - loss: 1.0289
[1m14/28[0m [32m==========[0m[37m==========[0m [1m3s[0m 240ms/step - accuracy: 0.5885 - loss: 1.0098
[1m15/28[0m [32m==========[0m[37m==========[0m [1m3s[0m 240ms/step - accuracy: 0.5971 - loss: 0.9916
[1m16/28[0m [32m===========[0m[37m=========[0m [1m2s[0m 240ms/step - accuracy: 0.6047 - loss: 0.9751
[1m17/28[0m [32m============[0m[37m========[0m [1m2s[0m 241ms/step - accuracy: 0.6121 - loss: 0.9591
[1m18/28[0m [32m============[0m[37m========[0m [1m2s[0m 241ms/step - accuracy: 0.6192 - loss: 0.9439
[1m19/28[0m [32m=============[0m[37m=======[0m [1m2s[0m 241ms/step - accuracy: 0.6259 - loss: 0.9292
[1m20/28[0m [32m==============[0m[37m======[0m [1m1s[0m 241ms/step - accuracy: 0.6325 - loss: 0.9149
[1m21/28[0m [32m===============[0m[37m=====[0m [1m1s[0m 242ms/step - accuracy: 0.6388 - loss: 0.9013
[1m22/28[0m [32m===============[0m[37m=====[0m [1m1s[0m 241ms/step - accuracy: 0.6450 - loss: 0.8881
[1m23/28[0m [32m================[0m[37m====[0m [1m1s[0m 241ms/step - accuracy: 0.6510 - loss: 0.8755
[1m24/28[0m [32m=================[0m[37m===[0m [1m0s[0m 241ms/step - accuracy: 0.6567 - loss: 0.8635
[1m25/28[0m [32m=================[0m[37m===[0m [1m0s[0m 241ms/step - accuracy: 0.6622 - loss: 0.8518
[1m26/28[0m [32m==================[0m[37m==[0m [1m0s[0m 241ms/step - accuracy: 0.6676 - loss: 0.8406
[1m27/28[0m [32m===================[0m[37m=[0m [1m0s[0m 240ms/step - accuracy: 0.6727 - loss: 0.8297
[1m28/28[0m [32m====================[0m[37m[0m [1m0s[0m 234ms/step - accuracy: 0.6775 - loss: 0.8195
Epoch 1: val_accuracy improved from -inf to 0.58525, saving model to shape_cls.keras

[1m28/28[0m [32m====================[0m[37m[0m [1m13s[0m 345ms/step - accuracy: 0.6820 - loss: 0.8101 - val_accuracy: 0.5853 - val_loss: 0.8586
Epoch 2/25

[1m 1/28[0m [37m====================[0m [1m9s[0m 337ms/step - accuracy: 0.9688 - loss: 0.1690
[1m 2/28[0m [32m=[0m[37m===================[0m [1m6s[0m 253ms/step - accuracy: 0.9609 - loss: 0.1731
[1m 3/28[0m [32m==[0m[37m==================[0m [1m6s[0m 247ms/step - accuracy: 0.9601 - loss: 0.1783
[1m 4/28[0m [32m==[0m[37m==================[0m [1m5s[0m 249ms/step - accuracy: 0.9603 - loss: 0.1786
[1m 5/28[0m [32m===[0m[37m=================[0m [1m5s[0m 249ms/step - accuracy: 0.9582 - loss: 0.1807
[1m 6/28[0m [32m====[0m[37m================[0m [1m5s[0m 250ms/step - accuracy: 0.9565 - loss: 0.1825
[1m 7/28[0m [32m=====[0m[37m===============[0m [1m5s[0m 250ms/step - accuracy: 0.9563 - loss: 0.1835
[1m 8/28[0m [32m=====[0m[37m===============[0m [1m4s[0m 249ms/step - accuracy: 0.9569 - loss: 0.1828
[1m 9/28[0m [32m======[0m[37m==============[0m [1m4s[0m 250ms/step - accuracy: 0.9575 - loss: 0.1820
[1m10/28[0m [32m=======[0m[37m=============[0m [1m4s[0m 250ms/step - accuracy: 0.9580 - loss: 0.1811
[1m11/28[0m [32m=======[0m[37m=============[0m [1m4s[0m 250ms/step - accuracy: 0.9582 - loss: 0.1810
[1m12/28[0m [32m========[0m[37m============[0m [1m3s[0m 250ms/step - accuracy: 0.9582 - loss: 0.1807
[1m13/28[0m [32m=========[0m[37m===========[0m [1m3s[0m 249ms/step - accuracy: 0.9577 - loss: 0.1813
[1m14/28[0m [32m==========[0m[37m==========[0m [1m3s[0m 249ms/step - accuracy: 0.9572 - loss: 0.1821
[1m15/28[0m [32m==========[0m[37m==========[0m [1m3s[0m 248ms/step - accuracy: 0.9567 - loss: 0.1830
[1m16/28[0m [32m===========[0m[37m=========[0m [1m2s[0m 248ms/step - accuracy: 0.9563 - loss: 0.1836
[1m17/28[0m [32m============[0m[37m========[0m [1m2s[0m 248ms/step - accuracy: 0.9556 - loss: 0.1843
[1m18/28[0m [32m============[0m[37m========[0m [1m2s[0m 248ms/step - accuracy: 0.9551 - loss: 0.1847
[1m19/28[0m [32m=============[0m[37m=======[0m [1m2s[0m 248ms/step - accuracy: 0.9547 - loss: 0.1849
[1m20/28[0m [32m==============[0m[37m======[0m [1m1s[0m 248ms/step - accuracy: 0.9543 - loss: 0.1850
[1m21/28[0m [32m===============[0m[37m=====[0m [1m1s[0m 249ms/step - accuracy: 0.9540 - loss: 0.1850
[1m22/28[0m [32m===============[0m[37m=====[0m [1m1s[0m 249ms/step - accuracy: 0.9538 - loss: 0.1847
[1m23/28[0m [32m================[0m[37m====[0m [1m1s[0m 249ms/step - accuracy: 0.9535 - loss: 0.1847
[1m24/28[0m [32m=================[0m[37m===[0m [1m0s[0m 248ms/step - accuracy: 0.9533 - loss: 0.1846
[1m25/28[0m [32m=================[0m[37m===[0m [1m0s[0m 248ms/step - accuracy: 0.9530 - loss: 0.1845
[1m26/28[0m [32m==================[0m[37m==[0m [1m0s[0m 248ms/step - accuracy: 0.9529 - loss: 0.1843
[1m27/28[0m [32m===================[0m[37m=[0m [1m0s[0m 248ms/step - accuracy: 0.9529 - loss: 0.1839
[1m28/28[0m [32m====================[0m[37m[0m [1m0s[0m 241ms/step - accuracy: 0.9528 - loss: 0.1837
Epoch 2: val_accuracy improved from 0.58525 to 0.62673, saving model to shape_cls.keras

[1m28/28[0m [32m====================[0m[37m[0m [1m9s[0m 307ms/step - accuracy: 0.9527 - loss: 0.1834 - val_accuracy: 0.6267 - val_loss: 0.8522
Epoch 3/25

[1m 1/28[0m [37m====================[0m [1m7s[0m 273ms/step - accuracy: 1.0000 - loss: 0.1372
[1m 2/28[0m [32m=[0m[37m===================[0m [1m6s[0m 253ms/step - accuracy: 0.9844 - loss: 0.1596
[1m 3/28[0m [32m==[0m[37m==================[0m [1m6s[0m 249ms/step - accuracy: 0.9826 - loss: 0.1575
[1m 4/28[0m [32m==[0m[37m==================[0m [1m5s[0m 248ms/step - accuracy: 0.9811 - loss: 0.1513
[1m 5/28[0m [32m===[0m[37m=================[0m [1m5s[0m 247ms/step - accuracy: 0.9799 - loss: 0.1495
[1m 6/28[0m [32m====[0m[37m================[0m [1m5s[0m 245ms/step - accuracy: 0.9772 - loss: 0.1497
[1m 7/28[0m [32m=====[0m[37m===============[0m [1m5s[0m 245ms/step - accuracy: 0.9747 - loss: 0.1516
[1m 8/28[0m [32m=====[0m[37m===============[0m [1m4s[0m 245ms/step - accuracy: 0.9735 - loss: 0.1519
[1m 9/28[0m [32m======[0m[37m==============[0m [1m4s[0m 245ms/step - accuracy: 0.9726 - loss: 0.1518
[1m10/28[0m [32m=======[0m[37m=============[0m [1m4s[0m 246ms/step - accuracy: 0.9722 - loss: 0.1509
[1m11/28[0m [32m=======[0m[37m=============[0m [1m4s[0m 248ms/step - accuracy: 0.9719 - loss: 0.1504
[1m12/28[0m [32m========[0m[37m============[0m [1m3s[0m 249ms/step - accuracy: 0.9714 - loss: 0.1500
[1m13/28[0m [32m=========[0m[37m===========[0m [1m3s[0m 250ms/step - accuracy: 0.9710 - loss: 0.1495
[1m14/28[0m [32m==========[0m[37m==========[0m [1m3s[0m 250ms/step - accuracy: 0.9704 - loss: 0.1493
[1m15/28[0m [32m==========[0m[37m==========[0m [1m3s[0m 251ms/step - accuracy: 0.9700 - loss: 0.1490
[1m16/28[0m [32m===========[0m[37m=========[0m [1m3s[0m 251ms/step - accuracy: 0.9695 - loss: 0.1488
[1m17/28[0m [32m============[0m[37m========[0m [1m2s[0m 250ms/step - accuracy: 0.9692 - loss: 0.1485
[1m18/28[0m [32m============[0m[37m========[0m [1m2s[0m 250ms/step - accuracy: 0.9688 - loss: 0.1483
[1m19/28[0m [32m=============[0m[37m=======[0m [1m2s[0m 250ms/step - accuracy: 0.9687 - loss: 0.1479
[1m20/28[0m [32m==============[0m[37m======[0m [1m1s[0m 249ms/step - accuracy: 0.9686 - loss: 0.1475
[1m21/28[0m [32m===============[0m[37m=====[0m [1m1s[0m 249ms/step - accuracy: 0.9685 - loss: 0.1470
[1m22/28[0m [32m===============[0m[37m=====[0m [1m1s[0m 249ms/step - accuracy: 0.9684 - loss: 0.1466
[1m23/28[0m [32m================[0m[37m====[0m [1m1s[0m 249ms/step - accuracy: 0.9684 - loss: 0.1462
[1m24/28[0m [32m=================[0m[37m===[0m [1m0s[0m 249ms/step - accuracy: 0.9684 - loss: 0.1456
[1m25/28[0m [32m=================[0m[37m===[0m [1m0s[0m 249ms/step - accuracy: 0.9683 - loss: 0.1451
[1m26/28[0m [32m==================[0m[37m==[0m [1m0s[0m 249ms/step - accuracy: 0.9684 - loss: 0.1446
[1m27/28[0m [32m===================[0m[37m=[0m [1m0s[0m 249ms/step - accuracy: 0.9684 - loss: 0.1441
[1m28/28[0m [32m====================[0m[37m[0m [1m0s[0m 242ms/step - accuracy: 0.9684 - loss: 0.1436
Epoch 3: val_accuracy improved from 0.62673 to 0.82488, saving model to shape_cls.keras

[1m28/28[0m [32m====================[0m[37m[0m [1m9s[0m 306ms/step - accuracy: 0.9685 - loss: 0.1432 - val_accuracy: 0.8249 - val_loss: 0.5296
Epoch 4/25

[1m 1/28[0m [37m====================[0m [1m8s[0m 301ms/step - accuracy: 1.0000 - loss: 0.1228
[1m 2/28[0m [32m=[0m[37m===================[0m [1m6s[0m 242ms/step - accuracy: 0.9922 - loss: 0.1131
[1m 3/28[0m [32m==[0m[37m==================[0m [1m5s[0m 240ms/step - accuracy: 0.9809 - loss: 0.1185
[1m 4/28[0m [32m==[0m[37m==================[0m [1m5s[0m 238ms/step - accuracy: 0.9759 - loss: 0.1222
[1m 5/28[0m [32m===[0m[37m=================[0m [1m5s[0m 236ms/step - accuracy: 0.9745 - loss: 0.1214
[1m 6/28[0m [32m====[0m[37m================[0m [1m5s[0m 236ms/step - accuracy: 0.9744 - loss: 0.1198
[1m 7/28[0m [32m=====[0m[37m===============[0m [1m4s[0m 236ms/step - accuracy: 0.9742 - loss: 0.1189
[1m 8/28[0m [32m=====[0m[37m===============[0m [1m4s[0m 235ms/step - accuracy: 0.9740 - loss: 0.1183
[1m 9/28[0m [32m======[0m[37m==============[0m [1m4s[0m 235ms/step - accuracy: 0.9738 - loss: 0.1177
[1m10/28[0m [32m=======[0m[37m=============[0m [1m4s[0m 234ms/step - accuracy: 0.9739 - loss: 0.1165
[1m11/28[0m [32m=======[0m[37m=============[0m [1m3s[0m 234ms/step - accuracy: 0.9735 - loss: 0.1164
[1m12/28[0m [32m========[0m[37m============[0m [1m3s[0m 233ms/step - accuracy: 0.9729 - loss: 0.1162
[1m13/28[0m [32m=========[0m[37m===========[0m [1m3s[0m 234ms/step - accuracy: 0.9725 - loss: 0.1159
[1m14/28[0m [32m==========[0m[37m==========[0m [1m3s[0m 234ms/step - accuracy: 0.9721 - loss: 0.1158
[1m15/28[0m [32m==========[0m[37m==========[0m [1m3s[0m 234ms/step - accuracy: 0.9718 - loss: 0.1161
[1m16/28[0m [32m===========[0m[37m=========[0m [1m2s[0m 235ms/step - accuracy: 0.9713 - loss: 0.1168
[1m17/28[0m [32m============[0m[37m========[0m [1m2s[0m 235ms/step - accuracy: 0.9710 - loss: 0.1174
[1m18/28[0m [32m============[0m[37m========[0m [1m2s[0m 235ms/step - accuracy: 0.9704 - loss: 0.1178
[1m19/28[0m [32m=============[0m[37m=======[0m [1m2s[0m 235ms/step - accuracy: 0.9701 - loss: 0.1181
[1m20/28[0m [32m==============[0m[37m======[0m [1m1s[0m 235ms/step - accuracy: 0.9698 - loss: 0.1182
[1m21/28[0m [32m===============[0m[37m=====[0m [1m1s[0m 236ms/step - accuracy: 0.9695 - loss: 0.1183
[1m22/28[0m [32m===============[0m[37m=====[0m [1m1s[0m 236ms/step - accuracy: 0.9694 - loss: 0.1182
[1m23/28[0m [32m================[0m[37m====[0m [1m1s[0m 236ms/step - accuracy: 0.9693 - loss: 0.1181
[1m24/28[0m [32m=================[0m[37m===[0m [1m0s[0m 236ms/step - accuracy: 0.9693 - loss: 0.1179
[1m25/28[0m [32m=================[0m[37m===[0m [1m0s[0m 236ms/step - accuracy: 0.9692 - loss: 0.1176
[1m26/28[0m [32m==================[0m[37m==[0m [1m0s[0m 237ms/step - accuracy: 0.9693 - loss: 0.1173
[1m27/28[0m [32m===================[0m[37m=[0m [1m0s[0m 237ms/step - accuracy: 0.9693 - loss: 0.1170
[1m28/28[0m [32m====================[0m[37m[0m [1m0s[0m 230ms/step - accuracy: 0.9694 - loss: 0.1167
Epoch 4: val_accuracy improved from 0.82488 to 0.86175, saving model to shape_cls.keras

[1m28/28[0m [32m====================[0m[37m[0m [1m8s[0m 293ms/step - accuracy: 0.9694 - loss: 0.1164 - val_accuracy: 0.8618 - val_loss: 0.4553
Epoch 5/25

[1m 1/28[0m [37m====================[0m [1m9s[0m 345ms/step - accuracy: 0.9375 - loss: 0.1251
[1m 2/28[0m [32m=[0m[37m===================[0m [1m6s[0m 235ms/step - accuracy: 0.9453 - loss: 0.1166
[1m 3/28[0m [32m==[0m[37m==================[0m [1m5s[0m 238ms/step - accuracy: 0.9462 - loss: 0.1139
[1m 4/28[0m [32m==[0m[37m==================[0m [1m5s[0m 240ms/step - accuracy: 0.9460 - loss: 0.1132
[1m 5/28[0m [32m===[0m[37m=================[0m [1m5s[0m 242ms/step - accuracy: 0.9468 - loss: 0.1116
[1m 6/28[0m [32m====[0m[37m================[0m [1m5s[0m 242ms/step - accuracy: 0.9478 - loss: 0.1117
[1m 7/28[0m [32m=====[0m[37m===============[0m [1m5s[0m 241ms/step - accuracy: 0.9483 - loss: 0.1120
[1m 8/28[0m [32m=====[0m[37m===============[0m [1m4s[0m 240ms/step - accuracy: 0.9494 - loss: 0.1109
[1m 9/28[0m [32m======[0m[37m==============[0m [1m4s[0m 239ms/step - accuracy: 0.9500 - loss: 0.1103
[1m10/28[0m [32m=======[0m[37m=============[0m [1m4s[0m 239ms/step - accuracy: 0.9506 - loss: 0.1096
[1m11/28[0m [32m=======[0m[37m=============[0m [1m4s[0m 238ms/step - accuracy: 0.9512 - loss: 0.1091
[1m12/28[0m [32m========[0m[37m============[0m [1m3s[0m 238ms/step - accuracy: 0.9516 - loss: 0.1090
[1m13/28[0m [32m=========[0m[37m===========[0m [1m3s[0m 238ms/step - accuracy: 0.9522 - loss: 0.1086
[1m14/28[0m [32m==========[0m[37m==========[0m [1m3s[0m 237ms/step - accuracy: 0.9526 - loss: 0.1089
[1m15/28[0m [32m==========[0m[37m==========[0m [1m3s[0m 237ms/step - accuracy: 0.9529 - loss: 0.1089
[1m16/28[0m [32m===========[0m[37m=========[0m [1m2s[0m 237ms/step - accuracy: 0.9533 - loss: 0.1088
[1m17/28[0m [32m============[0m[37m========[0m [1m2s[0m 237ms/step - accuracy: 0.9538 - loss: 0.1085
[1m18/28[0m [32m============[0m[37m========[0m [1m2s[0m 237ms/step - accuracy: 0.9542 - loss: 0.1083
[1m19/28[0m [32m=============[0m[37m=======[0m [1m2s[0m 237ms/step - accuracy: 0.9547 - loss: 0.1081
[1m20/28[0m [32m==============[0m[37m======[0m [1m1s[0m 237ms/step - accuracy: 0.9551 - loss: 0.1078
[1m21/28[0m [32m===============[0m[37m=====[0m [1m1s[0m 236ms/step - accuracy: 0.9555 - loss: 0.1073
[1m22/28[0m [32m===============[0m[37m=====[0m [1m1s[0m 236ms/step - accuracy: 0.9559 - loss: 0.1069
[1m23/28[0m [32m================[0m[37m====[0m [1m1s[0m 236ms/step - accuracy: 0.9563 - loss: 0.1067
[1m24/28[0m [32m=================[0m[37m===[0m [1m0s[0m 236ms/step - accuracy: 0.9567 - loss: 0.1063
[1m25/28[0m [32m=================[0m[37m===[0m [1m0s[0m 236ms/step - accuracy: 0.9571 - loss: 0.1060
[1m26/28[0m [32m==================[0m[37m==[0m [1m0s[0m 236ms/step - accuracy: 0.9575 - loss: 0.1057
[1m27/28[0m [32m===================[0m[37m=[0m [1m0s[0m 235ms/step - accuracy: 0.9579 - loss: 0.1054
[1m28/28[0m [32m====================[0m[37m[0m [1m0s[0m 229ms/step - accuracy: 0.9583 - loss: 0.1050
Epoch 5: val_accuracy did not improve from 0.86175

[1m28/28[0m [32m====================[0m[37m[0m [1m8s[0m 279ms/step - accuracy: 0.9587 - loss: 0.1047 - val_accuracy: 0.8525 - val_loss: 0.4758
Epoch 6/25

[1m 1/28[0m [37m====================[0m [1m6s[0m 250ms/step - accuracy: 0.9688 - loss: 0.1157
[1m 2/28[0m [32m=[0m[37m===================[0m [1m6s[0m 239ms/step - accuracy: 0.9688 - loss: 0.1140
[1m 3/28[0m [32m==[0m[37m==================[0m [1m5s[0m 239ms/step - accuracy: 0.9722 - loss: 0.1065
[1m 4/28[0m [32m==[0m[37m==================[0m [1m5s[0m 238ms/step - accuracy: 0.9733 - loss: 0.1021
[1m 5/28[0m [32m===[0m[37m=================[0m [1m5s[0m 238ms/step - accuracy: 0.9711 - loss: 0.1023
[1m 6/28[0m [32m====[0m[37m================[0m [1m5s[0m 236ms/step - accuracy: 0.9707 - loss: 0.1009
[1m 7/28[0m [32m=====[0m[37m===============[0m [1m4s[0m 236ms/step - accuracy: 0.9711 - loss: 0.0999
[1m 8/28[0m [32m=====[0m[37m===============[0m [1m4s[0m 236ms/step - accuracy: 0.9713 - loss: 0.0992
[1m 9/28[0m [32m======[0m[37m==============[0m [1m4s[0m 237ms/step - accuracy: 0.9718 - loss: 0.0981
[1m10/28[0m [32m=======[0m[37m=============[0m [1m4s[0m 239ms/step - accuracy: 0.9724 - loss: 0.0967
[1m11/28[0m [32m=======[0m[37m=============[0m [1m4s[0m 239ms/step - accuracy: 0.9726 - loss: 0.0959
[1m12/28[0m [32m========[0m[37m============[0m [1m3s[0m 238ms/step - accuracy: 0.9725 - loss: 0.0955
[1m13/28[0m [32m=========[0m[37m===========[0m [1m3s[0m 237ms/step - accuracy: 0.9722 - loss: 0.0953
[1m14/28[0m [32m==========[0m[37m==========[0m [1m3s[0m 237ms/step - accuracy: 0.9720 - loss: 0.0954
[1m15/28[0m [32m==========[0m[37m==========[0m [1m3s[0m 237ms/step - accuracy: 0.9717 - loss: 0.0957
[1m16/28[0m [32m===========[0m[37m=========[0m [1m2s[0m 237ms/step - accuracy: 0.9717 - loss: 0.0958
[1m17/28[0m [32m============[0m[37m========[0m [1m2s[0m 236ms/step - accuracy: 0.9716 - loss: 0.0959
[1m18/28[0m [32m============[0m[37m========[0m [1m2s[0m 236ms/step - accuracy: 0.9717 - loss: 0.0960
[1m19/28[0m [32m=============[0m[37m=======[0m [1m2s[0m 236ms/step - accuracy: 0.9717 - loss: 0.0959
[1m20/28[0m [32m==============[0m[37m======[0m [1m1s[0m 236ms/step - accuracy: 0.9718 - loss: 0.0957
[1m21/28[0m [32m===============[0m[37m=====[0m [1m1s[0m 236ms/step - accuracy: 0.9719 - loss: 0.0955
[1m22/28[0m [32m===============[0m[37m=====[0m [1m1s[0m 236ms/step - accuracy: 0.9721 - loss: 0.0951
[1m23/28[0m [32m================[0m[37m====[0m [1m1s[0m 236ms/step - accuracy: 0.9722 - loss: 0.0947
[1m24/28[0m [32m=================[0m[37m===[0m [1m0s[0m 236ms/step - accuracy: 0.9724 - loss: 0.0944
[1m25/28[0m [32m=================[0m[37m===[0m [1m0s[0m 235ms/step - accuracy: 0.9726 - loss: 0.0941
[1m26/28[0m [32m==================[0m[37m==[0m [1m0s[0m 235ms/step - accuracy: 0.9727 - loss: 0.0938
[1m27/28[0m [32m===================[0m[37m=[0m [1m0s[0m 235ms/step - accuracy: 0.9728 - loss: 0.0935
[1m28/28[0m [32m====================[0m[37m[0m [1m0s[0m 229ms/step - accuracy: 0.9729 - loss: 0.0933
Epoch 6: val_accuracy did not improve from 0.86175

[1m28/28[0m [32m====================[0m[37m[0m [1m8s[0m 280ms/step - accuracy: 0.9730 - loss: 0.0930 - val_accuracy: 0.8433 - val_loss: 0.4887
Epoch 7/25

[1m 1/28[0m [37m====================[0m [1m6s[0m 249ms/step - accuracy: 0.9688 - loss: 0.0743
[1m 2/28[0m [32m=[0m[37m===================[0m [1m6s[0m 236ms/step - accuracy: 0.9609 - loss: 0.0830
[1m 3/28[0m [32m==[0m[37m==================[0m [1m6s[0m 241ms/step - accuracy: 0.9635 - loss: 0.0796
[1m 4/28[0m [32m==[0m[37m==================[0m [1m5s[0m 241ms/step - accuracy: 0.9668 - loss: 0.0750
[1m 5/28[0m [32m===[0m[37m=================[0m [1m5s[0m 241ms/step - accuracy: 0.9697 - loss: 0.0717
[1m 6/28[0m [32m====[0m[37m================[0m [1m5s[0m 241ms/step - accuracy: 0.9721 - loss: 0.0697
[1m 7/28[0m [32m=====[0m[37m===============[0m [1m5s[0m 240ms/step - accuracy: 0.9736 - loss: 0.0692
[1m 8/28[0m [32m=====[0m[37m===============[0m [1m4s[0m 242ms/step - accuracy: 0.9749 - loss: 0.0682
[1m 9/28[0m [32m======[0m[37m==============[0m [1m4s[0m 241ms/step - accuracy: 0.9762 - loss: 0.0672
[1m10/28[0m [32m=======[0m[37m=============[0m [1m4s[0m 241ms/step - accuracy: 0.9770 - loss: 0.0666
[1m11/28[0m [32m=======[0m[37m=============[0m [1m4s[0m 240ms/step - accuracy: 0.9778 - loss: 0.0659
[1m12/28[0m [32m========[0m[37m============[0m [1m3s[0m 240ms/step - accuracy: 0.9783 - loss: 0.0654
[1m13/28[0m [32m=========[0m[37m===========[0m [1m3s[0m 239ms/step - accuracy: 0.9787 - loss: 0.0654
[1m14/28[0m [32m==========[0m[37m==========[0m [1m3s[0m 239ms/step - accuracy: 0.9788 - loss: 0.0657
[1m15/28[0m [32m==========[0m[37m==========[0m [1m3s[0m 239ms/step - accuracy: 0.9790 - loss: 0.0658
[1m16/28[0m [32m===========[0m[37m=========[0m [1m2s[0m 239ms/step - accuracy: 0.9792 - loss: 0.0658
[1m17/28[0m [32m============[0m[37m========[0m [1m2s[0m 239ms/step - accuracy: 0.9794 - loss: 0.0656
[1m18/28[0m [32m============[0m[37m========[0m [1m2s[0m 238ms/step - accuracy: 0.9795 - loss: 0.0655
[1m19/28[0m [32m=============[0m[37m=======[0m [1m2s[0m 238ms/step - accuracy: 0.9796 - loss: 0.0654
[1m20/28[0m [32m==============[0m[37m======[0m [1m1s[0m 237ms/step - accuracy: 0.9798 - loss: 0.0652
[1m21/28[0m [32m===============[0m[37m=====[0m [1m1s[0m 237ms/step - accuracy: 0.9800 - loss: 0.0650
[1m22/28[0m [32m===============[0m[37m=====[0m [1m1s[0m 237ms/step - accuracy: 0.9802 - loss: 0.0647
[1m23/28[0m [32m================[0m[37m====[0m [1m1s[0m 236ms/step - accuracy: 0.9803 - loss: 0.0645
[1m24/28[0m [32m=================[0m[37m===[0m [1m0s[0m 236ms/step - accuracy: 0.9805 - loss: 0.0643
[1m25/28[0m [32m=================[0m[37m===[0m [1m0s[0m 236ms/step - accuracy: 0.9807 - loss: 0.0640
[1m26/28[0m [32m==================[0m[37m==[0m [1m0s[0m 236ms/step - accuracy: 0.9809 - loss: 0.0638
[1m27/28[0m [32m===================[0m[37m=[0m [1m0s[0m 236ms/step - accuracy: 0.9811 - loss: 0.0636
[1m28/28[0m [32m====================[0m[37m[0m [1m0s[0m 229ms/step - accuracy: 0.9812 - loss: 0.0633
Epoch 7: val_accuracy improved from 0.86175 to 0.88479, saving model to shape_cls.keras

[1m28/28[0m [32m====================[0m[37m[0m [1m8s[0m 291ms/step - accuracy: 0.9814 - loss: 0.0631 - val_accuracy: 0.8848 - val_loss: 0.4125
Epoch 8/25

[1m 1/28[0m [37m====================[0m [1m9s[0m 341ms/step - accuracy: 0.9688 - loss: 0.0743
[1m 2/28[0m [32m=[0m[37m===================[0m [1m6s[0m 233ms/step - accuracy: 0.9766 - loss: 0.0643
[1m 3/28[0m [32m==[0m[37m==================[0m [1m5s[0m 233ms/step - accuracy: 0.9809 - loss: 0.0601
[1m 4/28[0m [32m==[0m[37m==================[0m [1m5s[0m 234ms/step - accuracy: 0.9818 - loss: 0.0587
[1m 5/28[0m [32m===[0m[37m=================[0m [1m5s[0m 234ms/step - accuracy: 0.9829 - loss: 0.0573
[1m 6/28[0m [32m====[0m[37m================[0m [1m5s[0m 235ms/step - accuracy: 0.9840 - loss: 0.0564
[1m 7/28[0m [32m=====[0m[37m===============[0m [1m4s[0m 236ms/step - accuracy: 0.9850 - loss: 0.0557
[1m 8/28[0m [32m=====[0m[37m===============[0m [1m4s[0m 237ms/step - accuracy: 0.9859 - loss: 0.0548
[1m 9/28[0m [32m======[0m[37m==============[0m [1m4s[0m 237ms/step - accuracy: 0.9867 - loss: 0.0540
[1m10/28[0m [32m=======[0m[37m=============[0m [1m4s[0m 236ms/step - accuracy: 0.9874 - loss: 0.0533
[1m11/28[0m [32m=======[0m[37m=============[0m [1m4s[0m 237ms/step - accuracy: 0.9875 - loss: 0.0531
[1m12/28[0m [32m========[0m[37m============[0m [1m3s[0m 237ms/step - accuracy: 0.9873 - loss: 0.0531
[1m13/28[0m [32m=========[0m[37m===========[0m [1m3s[0m 237ms/step - accuracy: 0.9871 - loss: 0.0532
[1m14/28[0m [32m==========[0m[37m==========[0m [1m3s[0m 237ms/step - accuracy: 0.9869 - loss: 0.0538
[1m15/28[0m [32m==========[0m[37m==========[0m [1m3s[0m 237ms/step - accuracy: 0.9866 - loss: 0.0547
[1m16/28[0m [32m===========[0m[37m=========[0m [1m2s[0m 237ms/step - accuracy: 0.9863 - loss: 0.0553
[1m17/28[0m [32m============[0m[37m========[0m [1m2s[0m 237ms/step - accuracy: 0.9860 - loss: 0.0560
[1m18/28[0m [32m============[0m[37m========[0m [1m2s[0m 237ms/step - accuracy: 0.9857 - loss: 0.0565
[1m19/28[0m [32m=============[0m[37m=======[0m [1m2s[0m 238ms/step - accuracy: 0.9855 - loss: 0.0569
[1m20/28[0m [32m==============[0m[37m======[0m [1m1s[0m 238ms/step - accuracy: 0.9854 - loss: 0.0571
[1m21/28[0m [32m===============[0m[37m=====[0m [1m1s[0m 239ms/step - accuracy: 0.9852 - loss: 0.0574
[1m22/28[0m [32m===============[0m[37m=====[0m [1m1s[0m 240ms/step - accuracy: 0.9851 - loss: 0.0576
[1m23/28[0m [32m================[0m[37m====[0m [1m1s[0m 239ms/step - accuracy: 0.9851 - loss: 0.0578
[1m24/28[0m [32m=================[0m[37m===[0m [1m0s[0m 239ms/step - accuracy: 0.9851 - loss: 0.0580
[1m25/28[0m [32m=================[0m[37m===[0m [1m0s[0m 239ms/step - accuracy: 0.9850 - loss: 0.0582
[1m26/28[0m [32m==================[0m[37m==[0m [1m0s[0m 239ms/step - accuracy: 0.9849 - loss: 0.0583
[1m27/28[0m [32m===================[0m[37m=[0m [1m0s[0m 239ms/step - accuracy: 0.9848 - loss: 0.0585
[1m28/28[0m [32m====================[0m[37m[0m [1m0s[0m 232ms/step - accuracy: 0.9847 - loss: 0.0587
Epoch 8: val_accuracy did not improve from 0.88479

[1m28/28[0m [32m====================[0m[37m[0m [1m8s[0m 283ms/step - accuracy: 0.9846 - loss: 0.0589 - val_accuracy: 0.8848 - val_loss: 0.3462
Epoch 9/25

[1m 1/28[0m [37m====================[0m [1m6s[0m 245ms/step - accuracy: 0.9375 - loss: 0.1018
[1m 2/28[0m [32m=[0m[37m===================[0m [1m5s[0m 227ms/step - accuracy: 0.9531 - loss: 0.0894
[1m 3/28[0m [32m==[0m[37m==================[0m [1m5s[0m 228ms/step - accuracy: 0.9583 - loss: 0.0847
[1m 4/28[0m [32m==[0m[37m==================[0m [1m5s[0m 230ms/step - accuracy: 0.9629 - loss: 0.0784
[1m 5/28[0m [32m===[0m[37m=================[0m [1m5s[0m 230ms/step - accuracy: 0.9666 - loss: 0.0741
[1m 6/28[0m [32m====[0m[37m================[0m [1m5s[0m 229ms/step - accuracy: 0.9695 - loss: 0.0705
[1m 7/28[0m [32m=====[0m[37m===============[0m [1m4s[0m 229ms/step - accuracy: 0.9720 - loss: 0.0678
[1m 8/28[0m [32m=====[0m[37m===============[0m [1m4s[0m 229ms/step - accuracy: 0.9740 - loss: 0.0653
[1m 9/28[0m [32m======[0m[37m==============[0m [1m4s[0m 229ms/step - accuracy: 0.9746 - loss: 0.0651
[1m10/28[0m [32m=======[0m[37m=============[0m [1m4s[0m 230ms/step - accuracy: 0.9749 - loss: 0.0652
[1m11/28[0m [32m=======[0m[37m=============[0m [1m3s[0m 231ms/step - accuracy: 0.9751 - loss: 0.0652
[1m12/28[0m [32m========[0m[37m============[0m [1m3s[0m 231ms/step - accuracy: 0.9755 - loss: 0.0650
[1m13/28[0m [32m=========[0m[37m===========[0m [1m3s[0m 231ms/step - accuracy: 0.9759 - loss: 0.0647
[1m14/28[0m [32m==========[0m[37m==========[0m [1m3s[0m 231ms/step - accuracy: 0.9760 - loss: 0.0648
[1m15/28[0m [32m==========[0m[37m==========[0m [1m3s[0m 231ms/step - accuracy: 0.9761 - loss: 0.0649
[1m16/28[0m [32m===========[0m[37m=========[0m [1m2s[0m 232ms/step - accuracy: 0.9761 - loss: 0.0650
[1m17/28[0m [32m============[0m[37m========[0m [1m2s[0m 232ms/step - accuracy: 0.9761 - loss: 0.0650
[1m18/28[0m [32m============[0m[37m========[0m [1m2s[0m 232ms/step - accuracy: 0.9761 - loss: 0.0650
[1m19/28[0m [32m=============[0m[37m=======[0m [1m2s[0m 232ms/step - accuracy: 0.9761 - loss: 0.0650
[1m20/28[0m [32m==============[0m[37m======[0m [1m1s[0m 232ms/step - accuracy: 0.9762 - loss: 0.0649
[1m21/28[0m [32m===============[0m[37m=====[0m [1m1s[0m 232ms/step - accuracy: 0.9764 - loss: 0.0647
[1m22/28[0m [32m===============[0m[37m=====[0m [1m1s[0m 233ms/step - accuracy: 0.9765 - loss: 0.0645
[1m23/28[0m [32m================[0m[37m====[0m [1m1s[0m 233ms/step - accuracy: 0.9767 - loss: 0.0643
[1m24/28[0m [32m=================[0m[37m===[0m [1m0s[0m 233ms/step - accuracy: 0.9770 - loss: 0.0640
[1m25/28[0m [32m=================[0m[37m===[0m [1m0s[0m 233ms/step - accuracy: 0.9772 - loss: 0.0638
[1m26/28[0m [32m==================[0m[37m==[0m [1m0s[0m 233ms/step - accuracy: 0.9774 - loss: 0.0636
[1m27/28[0m [32m===================[0m[37m=[0m [1m0s[0m 234ms/step - accuracy: 0.9776 - loss: 0.0633
[1m28/28[0m [32m====================[0m[37m[0m [1m0s[0m 227ms/step - accuracy: 0.9777 - loss: 0.0632
Epoch 9: val_accuracy improved from 0.88479 to 0.91244, saving model to shape_cls.keras

[1m28/28[0m [32m====================[0m[37m[0m [1m8s[0m 289ms/step - accuracy: 0.9778 - loss: 0.0630 - val_accuracy: 0.9124 - val_loss: 0.3104
Epoch 10/25

[1m 1/28[0m [37m====================[0m [1m6s[0m 249ms/step - accuracy: 1.0000 - loss: 0.0382
[1m 2/28[0m [32m=[0m[37m===================[0m [1m6s[0m 238ms/step - accuracy: 1.0000 - loss: 0.0358
[1m 3/28[0m [32m==[0m[37m==================[0m [1m5s[0m 236ms/step - accuracy: 1.0000 - loss: 0.0332
[1m 4/28[0m [32m==[0m[37m==================[0m [1m5s[0m 239ms/step - accuracy: 1.0000 - loss: 0.0309
[1m 5/28[0m [32m===[0m[37m=================[0m [1m5s[0m 238ms/step - accuracy: 0.9987 - loss: 0.0307
[1m 6/28[0m [32m====[0m[37m================[0m [1m5s[0m 238ms/step - accuracy: 0.9972 - loss: 0.0321
[1m 7/28[0m [32m=====[0m[37m===============[0m [1m4s[0m 238ms/step - accuracy: 0.9957 - loss: 0.0337
[1m 8/28[0m [32m=====[0m[37m===============[0m [1m4s[0m 238ms/step - accuracy: 0.9948 - loss: 0.0351
[1m 9/28[0m [32m======[0m[37m==============[0m [1m4s[0m 238ms/step - accuracy: 0.9938 - loss: 0.0367
[1m10/28[0m [32m=======[0m[37m=============[0m [1m4s[0m 239ms/step - accuracy: 0.9929 - loss: 0.0383
[1m11/28[0m [32m=======[0m[37m=============[0m [1m4s[0m 239ms/step - accuracy: 0.9922 - loss: 0.0396
[1m12/28[0m [32m========[0m[37m============[0m [1m3s[0m 238ms/step - accuracy: 0.9916 - loss: 0.0407
[1m13/28[0m [32m=========[0m[37m===========[0m [1m3s[0m 238ms/step - accuracy: 0.9911 - loss: 0.0415
[1m14/28[0m [32m==========[0m[37m==========[0m [1m3s[0m 238ms/step - accuracy: 0.9906 - loss: 0.0425
[1m15/28[0m [32m==========[0m[37m==========[0m [1m3s[0m 238ms/step - accuracy: 0.9901 - loss: 0.0436
[1m16/28[0m [32m===========[0m[37m=========[0m [1m2s[0m 238ms/step - accuracy: 0.9898 - loss: 0.0446
[1m17/28[0m [32m============[0m[37m========[0m [1m2s[0m 238ms/step - accuracy: 0.9895 - loss: 0.0453
[1m18/28[0m [32m============[0m[37m========[0m [1m2s[0m 238ms/step - accuracy: 0.9892 - loss: 0.0461
[1m19/28[0m [32m=============[0m[37m=======[0m [1m2s[0m 238ms/step - accuracy: 0.9889 - loss: 0.0468
[1m20/28[0m [32m==============[0m[37m======[0m [1m1s[0m 237ms/step - accuracy: 0.9887 - loss: 0.0473
[1m21/28[0m [32m===============[0m[37m=====[0m [1m1s[0m 238ms/step - accuracy: 0.9885 - loss: 0.0477
[1m22/28[0m [32m===============[0m[37m=====[0m [1m1s[0m 238ms/step - accuracy: 0.9884 - loss: 0.0481
[1m23/28[0m [32m================[0m[37m====[0m [1m1s[0m 239ms/step - accuracy: 0.9883 - loss: 0.0485
[1m24/28[0m [32m=================[0m[37m===[0m [1m0s[0m 239ms/step - accuracy: 0.9882 - loss: 0.0489
[1m25/28[0m [32m=================[0m[37m===[0m [1m0s[0m 239ms/step - accuracy: 0.9880 - loss: 0.0493
[1m26/28[0m [32m==================[0m[37m==[0m [1m0s[0m 239ms/step - accuracy: 0.9879 - loss: 0.0497
[1m27/28[0m [32m===================[0m[37m=[0m [1m0s[0m 239ms/step - accuracy: 0.9879 - loss: 0.0500
[1m28/28[0m [32m====================[0m[37m[0m [1m0s[0m 232ms/step - accuracy: 0.9878 - loss: 0.0504
Epoch 10: val_accuracy did not improve from 0.91244

[1m28/28[0m [32m====================[0m[37m[0m [1m8s[0m 283ms/step - accuracy: 0.9877 - loss: 0.0508 - val_accuracy: 0.8387 - val_loss: 0.4710
Epoch 11/25

[1m 1/28[0m [37m====================[0m [1m6s[0m 252ms/step - accuracy: 0.9375 - loss: 0.0994
[1m 2/28[0m [32m=[0m[37m===================[0m [1m6s[0m 234ms/step - accuracy: 0.9531 - loss: 0.0865
[1m 3/28[0m [32m==[0m[37m==================[0m [1m5s[0m 236ms/step - accuracy: 0.9618 - loss: 0.0774
[1m 4/28[0m [32m==[0m[37m==================[0m [1m5s[0m 237ms/step - accuracy: 0.9674 - loss: 0.0699
[1m 5/28[0m [32m===[0m[37m=================[0m [1m5s[0m 237ms/step - accuracy: 0.9715 - loss: 0.0654
[1m 6/28[0m [32m====[0m[37m================[0m [1m5s[0m 237ms/step - accuracy: 0.9745 - loss: 0.0618
[1m 7/28[0m [32m=====[0m[37m===============[0m [1m4s[0m 237ms/step - accuracy: 0.9762 - loss: 0.0603
[1m 8/28[0m [32m=====[0m[37m===============[0m [1m4s[0m 238ms/step - accuracy: 0.9777 - loss: 0.0586
[1m 9/28[0m [32m======[0m[37m==============[0m [1m4s[0m 238ms/step - accuracy: 0.9790 - loss: 0.0570
[1m10/28[0m [32m=======[0m[37m=============[0m [1m4s[0m 238ms/step - accuracy: 0.9799 - loss: 0.0561
[1m11/28[0m [32m=======[0m[37m=============[0m [1m4s[0m 237ms/step - accuracy: 0.9804 - loss: 0.0558
[1m12/28[0m [32m========[0m[37m============[0m [1m3s[0m 237ms/step - accuracy: 0.9810 - loss: 0.0554
[1m13/28[0m [32m=========[0m[37m===========[0m [1m3s[0m 237ms/step - accuracy: 0.9815 - loss: 0.0550
[1m14/28[0m [32m==========[0m[37m==========[0m [1m3s[0m 237ms/step - accuracy: 0.9819 - loss: 0.0546
[1m15/28[0m [32m==========[0m[37m==========[0m [1m3s[0m 236ms/step - accuracy: 0.9822 - loss: 0.0543
[1m16/28[0m [32m===========[0m[37m=========[0m [1m2s[0m 236ms/step - accuracy: 0.9826 - loss: 0.0538
[1m17/28[0m [32m============[0m[37m========[0m [1m2s[0m 236ms/step - accuracy: 0.9830 - loss: 0.0534
[1m18/28[0m [32m============[0m[37m========[0m [1m2s[0m 235ms/step - accuracy: 0.9833 - loss: 0.0532
[1m19/28[0m [32m=============[0m[37m=======[0m [1m2s[0m 235ms/step - accuracy: 0.9835 - loss: 0.0530
[1m20/28[0m [32m==============[0m[37m======[0m [1m1s[0m 235ms/step - accuracy: 0.9837 - loss: 0.0528
[1m21/28[0m [32m===============[0m[37m=====[0m [1m1s[0m 235ms/step - accuracy: 0.9839 - loss: 0.0526
[1m22/28[0m [32m===============[0m[37m=====[0m [1m1s[0m 236ms/step - accuracy: 0.9841 - loss: 0.0524
[1m23/28[0m [32m================[0m[37m====[0m [1m1s[0m 236ms/step - accuracy: 0.9843 - loss: 0.0522
[1m24/28[0m [32m=================[0m[37m===[0m [1m0s[0m 236ms/step - accuracy: 0.9845 - loss: 0.0520
[1m25/28[0m [32m=================[0m[37m===[0m [1m0s[0m 236ms/step - accuracy: 0.9847 - loss: 0.0518
[1m26/28[0m [32m==================[0m[37m==[0m [1m0s[0m 236ms/step - accuracy: 0.9849 - loss: 0.0517
[1m27/28[0m [32m===================[0m[37m=[0m [1m0s[0m 236ms/step - accuracy: 0.9850 - loss: 0.0515
[1m28/28[0m [32m====================[0m[37m[0m [1m0s[0m 230ms/step - accuracy: 0.9852 - loss: 0.0514
Epoch 11: val_accuracy did not improve from 0.91244

[1m28/28[0m [32m====================[0m[37m[0m [1m8s[0m 280ms/step - accuracy: 0.9854 - loss: 0.0512 - val_accuracy: 0.9032 - val_loss: 0.3257
Epoch 12/25

[1m 1/28[0m [37m====================[0m [1m6s[0m 252ms/step - accuracy: 1.0000 - loss: 0.0430
[1m 2/28[0m [32m=[0m[37m===================[0m [1m6s[0m 235ms/step - accuracy: 1.0000 - loss: 0.0445
[1m 3/28[0m [32m==[0m[37m==================[0m [1m5s[0m 233ms/step - accuracy: 1.0000 - loss: 0.0428
[1m 4/28[0m [32m==[0m[37m==================[0m [1m5s[0m 232ms/step - accuracy: 1.0000 - loss: 0.0412
[1m 5/28[0m [32m===[0m[37m=================[0m [1m5s[0m 232ms/step - accuracy: 1.0000 - loss: 0.0402
[1m 6/28[0m [32m====[0m[37m================[0m [1m5s[0m 231ms/step - accuracy: 1.0000 - loss: 0.0402
[1m 7/28[0m [32m=====[0m[37m===============[0m [1m4s[0m 230ms/step - accuracy: 0.9987 - loss: 0.0426
[1m 8/28[0m [32m=====[0m[37m===============[0m [1m4s[0m 230ms/step - accuracy: 0.9979 - loss: 0.0439
[1m 9/28[0m [32m======[0m[37m==============[0m [1m4s[0m 230ms/step - accuracy: 0.9974 - loss: 0.0446
[1m10/28[0m [32m=======[0m[37m=============[0m [1m4s[0m 230ms/step - accuracy: 0.9970 - loss: 0.0449
[1m11/28[0m [32m=======[0m[37m=============[0m [1m3s[0m 230ms/step - accuracy: 0.9962 - loss: 0.0456
[1m12/28[0m [32m========[0m[37m============[0m [1m3s[0m 230ms/step - accuracy: 0.9953 - loss: 0.0465
[1m13/28[0m [32m=========[0m[37m===========[0m [1m3s[0m 231ms/step - accuracy: 0.9945 - loss: 0.0471
[1m14/28[0m [32m==========[0m[37m==========[0m [1m3s[0m 232ms/step - accuracy: 0.9936 - loss: 0.0481
[1m15/28[0m [32m==========[0m[37m==========[0m [1m3s[0m 232ms/step - accuracy: 0.9928 - loss: 0.0490
[1m16/28[0m [32m===========[0m[37m=========[0m [1m2s[0m 232ms/step - accuracy: 0.9920 - loss: 0.0498
[1m17/28[0m [32m============[0m[37m========[0m [1m2s[0m 233ms/step - accuracy: 0.9914 - loss: 0.0505
[1m18/28[0m [32m============[0m[37m========[0m [1m2s[0m 234ms/step - accuracy: 0.9908 - loss: 0.0511
[1m19/28[0m [32m=============[0m[37m=======[0m [1m2s[0m 234ms/step - accuracy: 0.9904 - loss: 0.0516
[1m20/28[0m [32m==============[0m[37m======[0m [1m1s[0m 234ms/step - accuracy: 0.9900 - loss: 0.0520
[1m21/28[0m [32m===============[0m[37m=====[0m [1m1s[0m 234ms/step - accuracy: 0.9896 - loss: 0.0523
[1m22/28[0m [32m===============[0m[37m=====[0m [1m1s[0m 234ms/step - accuracy: 0.9893 - loss: 0.0526
[1m23/28[0m [32m================[0m[37m====[0m [1m1s[0m 234ms/step - accuracy: 0.9891 - loss: 0.0527
[1m24/28[0m [32m=================[0m[37m===[0m [1m0s[0m 235ms/step - accuracy: 0.9889 - loss: 0.0528
[1m25/28[0m [32m=================[0m[37m===[0m [1m0s[0m 235ms/step - accuracy: 0.9887 - loss: 0.0529
[1m26/28[0m [32m==================[0m[37m==[0m [1m0s[0m 236ms/step - accuracy: 0.9886 - loss: 0.0529
[1m27/28[0m [32m===================[0m[37m=[0m [1m0s[0m 236ms/step - accuracy: 0.9885 - loss: 0.0529
Epoch 12: val_accuracy improved from 0.91244 to 0.92627, saving model to shape_cls.keras

[1m28/28[0m [32m====================[0m[37m[0m [1m8s[0m 291ms/step - accuracy: 0.9883 - loss: 0.0528 - val_accuracy: 0.9263 - val_loss: 0.2651
Epoch 13/25

[1m 1/28[0m [37m====================[0m [1m8s[0m 310ms/step - accuracy: 1.0000 - loss: 0.0522
[1m 2/28[0m [32m=[0m[37m===================[0m [1m6s[0m 239ms/step - accuracy: 1.0000 - loss: 0.0448
[1m 3/28[0m [32m==[0m[37m==================[0m [1m5s[0m 239ms/step - accuracy: 1.0000 - loss: 0.0397
[1m 4/28[0m [32m==[0m[37m==================[0m [1m5s[0m 245ms/step - accuracy: 1.0000 - loss: 0.0367
[1m 5/28[0m [32m===[0m[37m=================[0m [1m5s[0m 243ms/step - accuracy: 0.9987 - loss: 0.0367
[1m 6/28[0m [32m====[0m[37m================[0m [1m5s[0m 242ms/step - accuracy: 0.9972 - loss: 0.0373
[1m 7/28[0m [32m=====[0m[37m===============[0m [1m5s[0m 241ms/step - accuracy: 0.9957 - loss: 0.0378
[1m 8/28[0m [32m=====[0m[37m===============[0m [1m4s[0m 241ms/step - accuracy: 0.9948 - loss: 0.0378
[1m 9/28[0m [32m======[0m[37m==============[0m [1m4s[0m 240ms/step - accuracy: 0.9942 - loss: 0.0376
[1m10/28[0m [32m=======[0m[37m=============[0m [1m4s[0m 240ms/step - accuracy: 0.9938 - loss: 0.0376
[1m11/28[0m [32m=======[0m[37m=============[0m [1m4s[0m 239ms/step - accuracy: 0.9931 - loss: 0.0380
[1m12/28[0m [32m========[0m[37m============[0m [1m3s[0m 240ms/step - accuracy: 0.9926 - loss: 0.0382
[1m13/28[0m [32m=========[0m[37m===========[0m [1m3s[0m 240ms/step - accuracy: 0.9922 - loss: 0.0385
[1m14/28[0m [32m==========[0m[37m==========[0m [1m3s[0m 240ms/step - accuracy: 0.9918 - loss: 0.0388
[1m15/28[0m [32m==========[0m[37m==========[0m [1m3s[0m 240ms/step - accuracy: 0.9916 - loss: 0.0391
[1m16/28[0m [32m===========[0m[37m=========[0m [1m2s[0m 240ms/step - accuracy: 0.9913 - loss: 0.0393
[1m17/28[0m [32m============[0m[37m========[0m [1m2s[0m 240ms/step - accuracy: 0.9911 - loss: 0.0395
[1m18/28[0m [32m============[0m[37m========[0m [1m2s[0m 240ms/step - accuracy: 0.9908 - loss: 0.0397
[1m19/28[0m [32m=============[0m[37m=======[0m [1m2s[0m 239ms/step - accuracy: 0.9906 - loss: 0.0398
[1m20/28[0m [32m==============[0m[37m======[0m [1m1s[0m 239ms/step - accuracy: 0.9905 - loss: 0.0399
[1m21/28[0m [32m===============[0m[37m=====[0m [1m1s[0m 239ms/step - accuracy: 0.9903 - loss: 0.0399
[1m22/28[0m [32m===============[0m[37m=====[0m [1m1s[0m 239ms/step - accuracy: 0.9902 - loss: 0.0399
[1m23/28[0m [32m================[0m[37m====[0m [1m1s[0m 239ms/step - accuracy: 0.9901 - loss: 0.0399
[1m24/28[0m [32m=================[0m[37m===[0m [1m0s[0m 239ms/step - accuracy: 0.9900 - loss: 0.0399
[1m25/28[0m [32m=================[0m[37m===[0m [1m0s[0m 239ms/step - accuracy: 0.9900 - loss: 0.0399
[1m26/28[0m [32m==================[0m[37m==[0m [1m0s[0m 238ms/step - accuracy: 0.9899 - loss: 0.0399
[1m27/28[0m [32m===================[0m[37m=[0m [1m0s[0m 238ms/step - accuracy: 0.9899 - loss: 0.0398
[1m28/28[0m [32m====================[0m[37m[0m [1m0s[0m 231ms/step - accuracy: 0.9899 - loss: 0.0397
Epoch 13: val_accuracy did not improve from 0.92627

[1m28/28[0m [32m====================[0m[37m[0m [1m8s[0m 283ms/step - accuracy: 0.9899 - loss: 0.0397 - val_accuracy: 0.8894 - val_loss: 0.3589
Epoch 14/25

[1m 1/28[0m [37m====================[0m [1m7s[0m 262ms/step - accuracy: 1.0000 - loss: 0.0440
[1m 2/28[0m [32m=[0m[37m===================[0m [1m6s[0m 249ms/step - accuracy: 1.0000 - loss: 0.0471
[1m 3/28[0m [32m==[0m[37m==================[0m [1m6s[0m 249ms/step - accuracy: 1.0000 - loss: 0.0472
[1m 4/28[0m [32m==[0m[37m==================[0m [1m5s[0m 246ms/step - accuracy: 1.0000 - loss: 0.0449
[1m 5/28[0m [32m===[0m[37m=================[0m [1m5s[0m 244ms/step - accuracy: 1.0000 - loss: 0.0430
[1m 6/28[0m [32m====[0m[37m================[0m [1m5s[0m 245ms/step - accuracy: 1.0000 - loss: 0.0420
[1m 7/28[0m [32m=====[0m[37m===============[0m [1m5s[0m 244ms/step - accuracy: 1.0000 - loss: 0.0416
[1m 8/28[0m [32m=====[0m[37m===============[0m [1m4s[0m 246ms/step - accuracy: 1.0000 - loss: 0.0411
[1m 9/28[0m [32m======[0m[37m==============[0m [1m4s[0m 245ms/step - accuracy: 1.0000 - loss: 0.0406
[1m10/28[0m [32m=======[0m[37m=============[0m [1m4s[0m 243ms/step - accuracy: 1.0000 - loss: 0.0402
[1m11/28[0m [32m=======[0m[37m=============[0m [1m4s[0m 242ms/step - accuracy: 0.9997 - loss: 0.0402
[1m12/28[0m [32m========[0m[37m============[0m [1m3s[0m 241ms/step - accuracy: 0.9995 - loss: 0.0401
[1m13/28[0m [32m=========[0m[37m===========[0m [1m3s[0m 240ms/step - accuracy: 0.9992 - loss: 0.0402
[1m14/28[0m [32m==========[0m[37m==========[0m [1m3s[0m 239ms/step - accuracy: 0.9988 - loss: 0.0403
[1m15/28[0m [32m==========[0m[37m==========[0m [1m3s[0m 238ms/step - accuracy: 0.9982 - loss: 0.0409
[1m16/28[0m [32m===========[0m[37m=========[0m [1m2s[0m 238ms/step - accuracy: 0.9977 - loss: 0.0413
[1m17/28[0m [32m============[0m[37m========[0m [1m2s[0m 238ms/step - accuracy: 0.9973 - loss: 0.0415
[1m18/28[0m [32m============[0m[37m========[0m [1m2s[0m 237ms/step - accuracy: 0.9968 - loss: 0.0418
[1m19/28[0m [32m=============[0m[37m=======[0m [1m2s[0m 237ms/step - accuracy: 0.9965 - loss: 0.0421
[1m20/28[0m [32m==============[0m[37m======[0m [1m1s[0m 237ms/step - accuracy: 0.9962 - loss: 0.0423
[1m21/28[0m [32m===============[0m[37m=====[0m [1m1s[0m 237ms/step - accuracy: 0.9960 - loss: 0.0424
[1m22/28[0m [32m===============[0m[37m=====[0m [1m1s[0m 237ms/step - accuracy: 0.9958 - loss: 0.0425
[1m23/28[0m [32m================[0m[37m====[0m [1m1s[0m 237ms/step - accuracy: 0.9955 - loss: 0.0428
[1m24/28[0m [32m=================[0m[37m===[0m [1m0s[0m 237ms/step - accuracy: 0.9953 - loss: 0.0430
[1m25/28[0m [32m=================[0m[37m===[0m [1m0s[0m 237ms/step - accuracy: 0.9952 - loss: 0.0432
[1m26/28[0m [32m==================[0m[37m==[0m [1m0s[0m 238ms/step - accuracy: 0.9950 - loss: 0.0433
[1m27/28[0m [32m===================[0m[37m=[0m [1m0s[0m 238ms/step - accuracy: 0.9949 - loss: 0.0434
Epoch 14: val_accuracy did not improve from 0.92627

[1m28/28[0m [32m====================[0m[37m[0m [1m8s[0m 282ms/step - accuracy: 0.9947 - loss: 0.0436 - val_accuracy: 0.9124 - val_loss: 0.2561
Epoch 15/25

[1m 1/28[0m [37m====================[0m [1m6s[0m 251ms/step - accuracy: 1.0000 - loss: 0.0520
[1m 2/28[0m [32m=[0m[37m===================[0m [1m6s[0m 242ms/step - accuracy: 0.9922 - loss: 0.0565
[1m 3/28[0m [32m==[0m[37m==================[0m [1m5s[0m 240ms/step - accuracy: 0.9913 - loss: 0.0529
[1m 4/28[0m [32m==[0m[37m==================[0m [1m5s[0m 238ms/step - accuracy: 0.9915 - loss: 0.0486
[1m 5/28[0m [32m===[0m[37m=================[0m [1m5s[0m 237ms/step - accuracy: 0.9920 - loss: 0.0451
[1m 6/28[0m [32m====[0m[37m================[0m [1m5s[0m 237ms/step - accuracy: 0.9924 - loss: 0.0430
[1m 7/28[0m [32m=====[0m[37m===============[0m [1m4s[0m 237ms/step - accuracy: 0.9929 - loss: 0.0413
[1m 8/28[0m [32m=====[0m[37m===============[0m [1m4s[0m 237ms/step - accuracy: 0.9933 - loss: 0.0399
[1m 9/28[0m [32m======[0m[37m==============[0m [1m4s[0m 237ms/step - accuracy: 0.9936 - loss: 0.0387
[1m10/28[0m [32m=======[0m[37m=============[0m [1m4s[0m 237ms/step - accuracy: 0.9940 - loss: 0.0374
[1m11/28[0m [32m=======[0m[37m=============[0m [1m4s[0m 237ms/step - accuracy: 0.9940 - loss: 0.0370
[1m12/28[0m [32m========[0m[37m============[0m [1m3s[0m 237ms/step - accuracy: 0.9939 - loss: 0.0369
[1m13/28[0m [32m=========[0m[37m===========[0m [1m3s[0m 237ms/step - accuracy: 0.9938 - loss: 0.0368
[1m14/28[0m [32m==========[0m[37m==========[0m [1m3s[0m 238ms/step - accuracy: 0.9933 - loss: 0.0374
[1m15/28[0m [32m==========[0m[37m==========[0m [1m3s[0m 238ms/step - accuracy: 0.9927 - loss: 0.0379
[1m16/28[0m [32m===========[0m[37m=========[0m [1m2s[0m 237ms/step - accuracy: 0.9923 - loss: 0.0383
[1m17/28[0m [32m============[0m[37m========[0m [1m2s[0m 237ms/step - accuracy: 0.9920 - loss: 0.0385
[1m18/28[0m [32m============[0m[37m========[0m [1m2s[0m 236ms/step - accuracy: 0.9917 - loss: 0.0388
[1m19/28[0m [32m=============[0m[37m=======[0m [1m2s[0m 236ms/step - accuracy: 0.9914 - loss: 0.0389
[1m20/28[0m [32m==============[0m[37m======[0m [1m1s[0m 235ms/step - accuracy: 0.9912 - loss: 0.0391
[1m21/28[0m [32m===============[0m[37m=====[0m [1m1s[0m 235ms/step - accuracy: 0.9910 - loss: 0.0392
[1m22/28[0m [32m===============[0m[37m=====[0m [1m1s[0m 235ms/step - accuracy: 0.9908 - loss: 0.0393
[1m23/28[0m [32m================[0m[37m====[0m [1m1s[0m 235ms/step - accuracy: 0.9907 - loss: 0.0393
[1m24/28[0m [32m=================[0m[37m===[0m [1m0s[0m 235ms/step - accuracy: 0.9906 - loss: 0.0393
[1m25/28[0m [32m=================[0m[37m===[0m [1m0s[0m 234ms/step - accuracy: 0.9904 - loss: 0.0394
[1m26/28[0m [32m==================[0m[37m==[0m [1m0s[0m 234ms/step - accuracy: 0.9903 - loss: 0.0394
[1m27/28[0m [32m===================[0m[37m=[0m [1m0s[0m 234ms/step - accuracy: 0.9903 - loss: 0.0394
Epoch 15: val_accuracy did not improve from 0.92627

[1m28/28[0m [32m====================[0m[37m[0m [1m8s[0m 277ms/step - accuracy: 0.9901 - loss: 0.0394 - val_accuracy: 0.9217 - val_loss: 0.2440
Epoch 16/25

[1m 1/28[0m [37m====================[0m [1m6s[0m 241ms/step - accuracy: 1.0000 - loss: 0.0654
[1m 2/28[0m [32m=[0m[37m===================[0m [1m6s[0m 234ms/step - accuracy: 1.0000 - loss: 0.0583
[1m 3/28[0m [32m==[0m[37m==================[0m [1m5s[0m 233ms/step - accuracy: 1.0000 - loss: 0.0544
[1m 4/28[0m [32m==[0m[37m==================[0m [1m5s[0m 234ms/step - accuracy: 1.0000 - loss: 0.0503
[1m 5/28[0m [32m===[0m[37m=================[0m [1m5s[0m 236ms/step - accuracy: 1.0000 - loss: 0.0479
[1m 6/28[0m [32m====[0m[37m================[0m [1m5s[0m 238ms/step - accuracy: 1.0000 - loss: 0.0456
[1m 7/28[0m [32m=====[0m[37m===============[0m [1m4s[0m 237ms/step - accuracy: 0.9994 - loss: 0.0444
[1m 8/28[0m [32m=====[0m[37m===============[0m [1m4s[0m 236ms/step - accuracy: 0.9990 - loss: 0.0431
[1m 9/28[0m [32m======[0m[37m==============[0m [1m4s[0m 235ms/step - accuracy: 0.9987 - loss: 0.0420
[1m10/28[0m [32m=======[0m[37m=============[0m [1m4s[0m 234ms/step - accuracy: 0.9985 - loss: 0.0411
[1m11/28[0m [32m=======[0m[37m=============[0m [1m3s[0m 234ms/step - accuracy: 0.9981 - loss: 0.0404
[1m12/28[0m [32m========[0m[37m============[0m [1m3s[0m 234ms/step - accuracy: 0.9978 - loss: 0.0399
[1m13/28[0m [32m=========[0m[37m===========[0m [1m3s[0m 234ms/step - accuracy: 0.9973 - loss: 0.0397
[1m14/28[0m [32m==========[0m[37m==========[0m [1m3s[0m 234ms/step - accuracy: 0.9967 - loss: 0.0397
[1m15/28[0m [32m==========[0m[37m==========[0m [1m3s[0m 233ms/step - accuracy: 0.9961 - loss: 0.0399
[1m16/28[0m [32m===========[0m[37m=========[0m [1m2s[0m 233ms/step - accuracy: 0.9956 - loss: 0.0400
[1m17/28[0m [32m============[0m[37m========[0m [1m2s[0m 233ms/step - accuracy: 0.9951 - loss: 0.0401
[1m18/28[0m [32m============[0m[37m========[0m [1m2s[0m 233ms/step - accuracy: 0.9946 - loss: 0.0403
[1m19/28[0m [32m=============[0m[37m=======[0m [1m2s[0m 233ms/step - accuracy: 0.9942 - loss: 0.0405
[1m20/28[0m [32m==============[0m[37m======[0m [1m1s[0m 233ms/step - accuracy: 0.9938 - loss: 0.0405
[1m21/28[0m [32m===============[0m[37m=====[0m [1m1s[0m 233ms/step - accuracy: 0.9936 - loss: 0.0405
[1m22/28[0m [32m===============[0m[37m=====[0m [1m1s[0m 233ms/step - accuracy: 0.9933 - loss: 0.0405
[1m23/28[0m [32m================[0m[37m====[0m [1m1s[0m 233ms/step - accuracy: 0.9931 - loss: 0.0406
[1m24/28[0m [32m=================[0m[37m===[0m [1m0s[0m 234ms/step - accuracy: 0.9929 - loss: 0.0407
[1m25/28[0m [32m=================[0m[37m===[0m [1m0s[0m 234ms/step - accuracy: 0.9927 - loss: 0.0408
[1m26/28[0m [32m==================[0m[37m==[0m [1m0s[0m 234ms/step - accuracy: 0.9926 - loss: 0.0408
[1m27/28[0m [32m===================[0m[37m=[0m [1m0s[0m 234ms/step - accuracy: 0.9925 - loss: 0.0408
[1m28/28[0m [32m====================[0m[37m[0m [1m0s[0m 228ms/step - accuracy: 0.9924 - loss: 0.0408
Epoch 16: val_accuracy did not improve from 0.92627

[1m28/28[0m [32m====================[0m[37m[0m [1m8s[0m 279ms/step - accuracy: 0.9923 - loss: 0.0408 - val_accuracy: 0.9217 - val_loss: 0.2717
Epoch 17/25

[1m 1/28[0m [37m====================[0m [1m6s[0m 238ms/step - accuracy: 1.0000 - loss: 0.0164
[1m 2/28[0m [32m=[0m[37m===================[0m [1m5s[0m 227ms/step - accuracy: 1.0000 - loss: 0.0195
[1m 3/28[0m [32m==[0m[37m==================[0m [1m5s[0m 230ms/step - accuracy: 1.0000 - loss: 0.0209
[1m 4/28[0m [32m==[0m[37m==================[0m [1m5s[0m 231ms/step - accuracy: 1.0000 - loss: 0.0208
[1m 5/28[0m [32m===[0m[37m=================[0m [1m5s[0m 233ms/step - accuracy: 1.0000 - loss: 0.0207
[1m 6/28[0m [32m====[0m[37m================[0m [1m5s[0m 233ms/step - accuracy: 1.0000 - loss: 0.0208
[1m 7/28[0m [32m=====[0m[37m===============[0m [1m4s[0m 232ms/step - accuracy: 1.0000 - loss: 0.0213
[1m 8/28[0m [32m=====[0m[37m===============[0m [1m4s[0m 232ms/step - accuracy: 1.0000 - loss: 0.0216
[1m 9/28[0m [32m======[0m[37m==============[0m [1m4s[0m 233ms/step - accuracy: 1.0000 - loss: 0.0219
[1m10/28[0m [32m=======[0m[37m=============[0m [1m4s[0m 234ms/step - accuracy: 1.0000 - loss: 0.0222
[1m11/28[0m [32m=======[0m[37m=============[0m [1m3s[0m 233ms/step - accuracy: 0.9997 - loss: 0.0227
[1m12/28[0m [32m========[0m[37m============[0m [1m3s[0m 234ms/step - accuracy: 0.9993 - loss: 0.0233
[1m13/28[0m [32m=========[0m[37m===========[0m [1m3s[0m 234ms/step - accuracy: 0.9990 - loss: 0.0239
[1m14/28[0m [32m==========[0m[37m==========[0m [1m3s[0m 234ms/step - accuracy: 0.9986 - loss: 0.0244
[1m15/28[0m [32m==========[0m[37m==========[0m [1m3s[0m 234ms/step - accuracy: 0.9981 - loss: 0.0251
[1m16/28[0m [32m===========[0m[37m=========[0m [1m2s[0m 234ms/step - accuracy: 0.9976 - loss: 0.0257
[1m17/28[0m [32m============[0m[37m========[0m [1m2s[0m 234ms/step - accuracy: 0.9971 - loss: 0.0263
[1m18/28[0m [32m============[0m[37m========[0m [1m2s[0m 235ms/step - accuracy: 0.9967 - loss: 0.0268
[1m19/28[0m [32m=============[0m[37m=======[0m [1m2s[0m 236ms/step - accuracy: 0.9964 - loss: 0.0272
[1m20/28[0m [32m==============[0m[37m======[0m [1m1s[0m 236ms/step - accuracy: 0.9961 - loss: 0.0276
[1m21/28[0m [32m===============[0m[37m=====[0m [1m1s[0m 236ms/step - accuracy: 0.9958 - loss: 0.0279
[1m22/28[0m [32m===============[0m[37m=====[0m [1m1s[0m 236ms/step - accuracy: 0.9956 - loss: 0.0281
[1m23/28[0m [32m================[0m[37m====[0m [1m1s[0m 236ms/step - accuracy: 0.9954 - loss: 0.0285
[1m24/28[0m [32m=================[0m[37m===[0m [1m0s[0m 236ms/step - accuracy: 0.9952 - loss: 0.0289
[1m25/28[0m [32m=================[0m[37m===[0m [1m0s[0m 236ms/step - accuracy: 0.9951 - loss: 0.0292
[1m26/28[0m [32m==================[0m[37m==[0m [1m0s[0m 236ms/step - accuracy: 0.9949 - loss: 0.0295
[1m27/28[0m [32m===================[0m[37m=[0m [1m0s[0m 236ms/step - accuracy: 0.9948 - loss: 0.0298
[1m28/28[0m [32m====================[0m[37m[0m [1m0s[0m 229ms/step - accuracy: 0.9947 - loss: 0.0301
Epoch 17: val_accuracy did not improve from 0.92627

[1m28/28[0m [32m====================[0m[37m[0m [1m8s[0m 278ms/step - accuracy: 0.9945 - loss: 0.0303 - val_accuracy: 0.9217 - val_loss: 0.2320
Epoch 18/25

[1m 1/28[0m [37m====================[0m [1m6s[0m 241ms/step - accuracy: 0.9688 - loss: 0.0753
[1m 2/28[0m [32m=[0m[37m===================[0m [1m6s[0m 231ms/step - accuracy: 0.9766 - loss: 0.0630
[1m 3/28[0m [32m==[0m[37m==================[0m [1m5s[0m 232ms/step - accuracy: 0.9809 - loss: 0.0543
[1m 4/28[0m [32m==[0m[37m==================[0m [1m5s[0m 234ms/step - accuracy: 0.9818 - loss: 0.0525
[1m 5/28[0m [32m===[0m[37m=================[0m [1m5s[0m 235ms/step - accuracy: 0.9829 - loss: 0.0507
[1m 6/28[0m [32m====[0m[37m================[0m [1m5s[0m 236ms/step - accuracy: 0.9832 - loss: 0.0500
[1m 7/28[0m [32m=====[0m[37m===============[0m [1m4s[0m 236ms/step - accuracy: 0.9830 - loss: 0.0498
[1m 8/28[0m [32m=====[0m[37m===============[0m [1m4s[0m 236ms/step - accuracy: 0.9832 - loss: 0.0491
[1m 9/28[0m [32m======[0m[37m==============[0m [1m4s[0m 238ms/step - accuracy: 0.9831 - loss: 0.0491
[1m10/28[0m [32m=======[0m[37m=============[0m [1m4s[0m 239ms/step - accuracy: 0.9832 - loss: 0.0488
[1m11/28[0m [32m=======[0m[37m=============[0m [1m4s[0m 239ms/step - accuracy: 0.9830 - loss: 0.0493
[1m12/28[0m [32m========[0m[37m============[0m [1m3s[0m 238ms/step - accuracy: 0.9829 - loss: 0.0496
[1m13/28[0m [32m=========[0m[37m===========[0m [1m3s[0m 238ms/step - accuracy: 0.9827 - loss: 0.0499
[1m14/28[0m [32m==========[0m[37m==========[0m [1m3s[0m 238ms/step - accuracy: 0.9823 - loss: 0.0503
[1m15/28[0m [32m==========[0m[37m==========[0m [1m3s[0m 238ms/step - accuracy: 0.9821 - loss: 0.0507
[1m16/28[0m [32m===========[0m[37m=========[0m [1m2s[0m 238ms/step - accuracy: 0.9820 - loss: 0.0508
[1m17/28[0m [32m============[0m[37m========[0m [1m2s[0m 238ms/step - accuracy: 0.9820 - loss: 0.0508
[1m18/28[0m [32m============[0m[37m========[0m [1m2s[0m 238ms/step - accuracy: 0.9820 - loss: 0.0508
[1m19/28[0m [32m=============[0m[37m=======[0m [1m2s[0m 237ms/step - accuracy: 0.9820 - loss: 0.0510
[1m20/28[0m [32m==============[0m[37m======[0m [1m1s[0m 237ms/step - accuracy: 0.9821 - loss: 0.0511
[1m21/28[0m [32m===============[0m[37m=====[0m [1m1s[0m 237ms/step - accuracy: 0.9821 - loss: 0.0511
[1m22/28[0m [32m===============[0m[37m=====[0m [1m1s[0m 237ms/step - accuracy: 0.9822 - loss: 0.0510
[1m23/28[0m [32m================[0m[37m====[0m [1m1s[0m 236ms/step - accuracy: 0.9824 - loss: 0.0509
[1m24/28[0m [32m=================[0m[37m===[0m [1m0s[0m 236ms/step - accuracy: 0.9825 - loss: 0.0508
[1m25/28[0m [32m=================[0m[37m===[0m [1m0s[0m 236ms/step - accuracy: 0.9827 - loss: 0.0507
[1m26/28[0m [32m==================[0m[37m==[0m [1m0s[0m 235ms/step - accuracy: 0.9828 - loss: 0.0506
[1m27/28[0m [32m===================[0m[37m=[0m [1m0s[0m 235ms/step - accuracy: 0.9829 - loss: 0.0505
Epoch 18: val_accuracy did not improve from 0.92627

[1m28/28[0m [32m====================[0m[37m[0m [1m8s[0m 280ms/step - accuracy: 0.9831 - loss: 0.0504 - val_accuracy: 0.8756 - val_loss: 0.4358
Epoch 19/25

[1m 1/28[0m [37m====================[0m [1m6s[0m 248ms/step - accuracy: 1.0000 - loss: 0.0203
[1m 2/28[0m [32m=[0m[37m===================[0m [1m6s[0m 235ms/step - accuracy: 1.0000 - loss: 0.0241
[1m 3/28[0m [32m==[0m[37m==================[0m [1m5s[0m 235ms/step - accuracy: 1.0000 - loss: 0.0249
[1m 4/28[0m [32m==[0m[37m==================[0m [1m5s[0m 236ms/step - accuracy: 1.0000 - loss: 0.0246
[1m 5/28[0m [32m===[0m[37m=================[0m [1m5s[0m 235ms/step - accuracy: 0.9987 - loss: 0.0255
[1m 6/28[0m [32m====[0m[37m================[0m [1m5s[0m 237ms/step - accuracy: 0.9981 - loss: 0.0260
[1m 7/28[0m [32m=====[0m[37m===============[0m [1m4s[0m 237ms/step - accuracy: 0.9964 - loss: 0.0282
[1m 8/28[0m [32m=====[0m[37m===============[0m [1m4s[0m 237ms/step - accuracy: 0.9954 - loss: 0.0293
[1m 9/28[0m [32m======[0m[37m==============[0m [1m4s[0m 238ms/step - accuracy: 0.9948 - loss: 0.0298
[1m10/28[0m [32m=======[0m[37m=============[0m [1m4s[0m 238ms/step - accuracy: 0.9944 - loss: 0.0300
[1m11/28[0m [32m=======[0m[37m=============[0m [1m4s[0m 238ms/step - accuracy: 0.9941 - loss: 0.0300
[1m12/28[0m [32m========[0m[37m============[0m [1m3s[0m 238ms/step - accuracy: 0.9937 - loss: 0.0302
[1m13/28[0m [32m=========[0m[37m===========[0m [1m3s[0m 238ms/step - accuracy: 0.9935 - loss: 0.0303
[1m14/28[0m [32m==========[0m[37m==========[0m [1m3s[0m 238ms/step - accuracy: 0.9928 - loss: 0.0308
[1m15/28[0m [32m==========[0m[37m==========[0m [1m3s[0m 238ms/step - accuracy: 0.9922 - loss: 0.0317
[1m16/28[0m [32m===========[0m[37m=========[0m [1m2s[0m 238ms/step - accuracy: 0.9917 - loss: 0.0323
[1m17/28[0m [32m============[0m[37m========[0m [1m2s[0m 237ms/step - accuracy: 0.9913 - loss: 0.0327
[1m18/28[0m [32m============[0m[37m========[0m [1m2s[0m 238ms/step - accuracy: 0.9909 - loss: 0.0333
[1m19/28[0m [32m=============[0m[37m=======[0m [1m2s[0m 238ms/step - accuracy: 0.9906 - loss: 0.0337
[1m20/28[0m [32m==============[0m[37m======[0m [1m1s[0m 238ms/step - accuracy: 0.9904 - loss: 0.0340
[1m21/28[0m [32m===============[0m[37m=====[0m [1m1s[0m 239ms/step - accuracy: 0.9902 - loss: 0.0342
[1m22/28[0m [32m===============[0m[37m=====[0m [1m1s[0m 239ms/step - accuracy: 0.9901 - loss: 0.0344
[1m23/28[0m [32m================[0m[37m====[0m [1m1s[0m 239ms/step - accuracy: 0.9900 - loss: 0.0346
[1m24/28[0m [32m=================[0m[37m===[0m [1m0s[0m 240ms/step - accuracy: 0.9899 - loss: 0.0347
[1m25/28[0m [32m=================[0m[37m===[0m [1m0s[0m 240ms/step - accuracy: 0.9899 - loss: 0.0348
[1m26/28[0m [32m==================[0m[37m==[0m [1m0s[0m 239ms/step - accuracy: 0.9898 - loss: 0.0349
[1m27/28[0m [32m===================[0m[37m=[0m [1m0s[0m 239ms/step - accuracy: 0.9898 - loss: 0.0349
[1m28/28[0m [32m====================[0m[37m[0m [1m0s[0m 232ms/step - accuracy: 0.9898 - loss: 0.0350
Epoch 19: val_accuracy did not improve from 0.92627

[1m28/28[0m [32m====================[0m[37m[0m [1m8s[0m 282ms/step - accuracy: 0.9898 - loss: 0.0350 - val_accuracy: 0.9032 - val_loss: 0.3097
Epoch 20/25

[1m 1/28[0m [37m====================[0m [1m6s[0m 256ms/step - accuracy: 1.0000 - loss: 0.0252
[1m 2/28[0m [32m=[0m[37m===================[0m [1m6s[0m 234ms/step - accuracy: 1.0000 - loss: 0.0237
[1m 3/28[0m [32m==[0m[37m==================[0m [1m5s[0m 231ms/step - accuracy: 1.0000 - loss: 0.0218
[1m 4/28[0m [32m==[0m[37m==================[0m [1m5s[0m 230ms/step - accuracy: 1.0000 - loss: 0.0202
[1m 5/28[0m [32m===[0m[37m=================[0m [1m5s[0m 232ms/step - accuracy: 1.0000 - loss: 0.0189
[1m 6/28[0m [32m====[0m[37m================[0m [1m5s[0m 233ms/step - accuracy: 1.0000 - loss: 0.0184
[1m 7/28[0m [32m=====[0m[37m===============[0m [1m4s[0m 232ms/step - accuracy: 1.0000 - loss: 0.0185
[1m 8/28[0m [32m=====[0m[37m===============[0m [1m4s[0m 232ms/step - accuracy: 0.9995 - loss: 0.0190
[1m 9/28[0m [32m======[0m[37m==============[0m [1m4s[0m 232ms/step - accuracy: 0.9992 - loss: 0.0192
[1m10/28[0m [32m=======[0m[37m=============[0m [1m4s[0m 233ms/step - accuracy: 0.9989 - loss: 0.0194
[1m11/28[0m [32m=======[0m[37m=============[0m [1m3s[0m 232ms/step - accuracy: 0.9988 - loss: 0.0195
[1m12/28[0m [32m========[0m[37m============[0m [1m3s[0m 233ms/step - accuracy: 0.9985 - loss: 0.0199
[1m13/28[0m [32m=========[0m[37m===========[0m [1m3s[0m 233ms/step - accuracy: 0.9980 - loss: 0.0203
[1m14/28[0m [32m==========[0m[37m==========[0m [1m3s[0m 234ms/step - accuracy: 0.9974 - loss: 0.0210
[1m15/28[0m [32m==========[0m[37m==========[0m [1m3s[0m 233ms/step - accuracy: 0.9968 - loss: 0.0216
[1m16/28[0m [32m===========[0m[37m=========[0m [1m2s[0m 234ms/step - accuracy: 0.9964 - loss: 0.0221
[1m17/28[0m [32m============[0m[37m========[0m [1m2s[0m 235ms/step - accuracy: 0.9961 - loss: 0.0226
[1m18/28[0m [32m============[0m[37m========[0m [1m2s[0m 235ms/step - accuracy: 0.9957 - loss: 0.0231
[1m19/28[0m [32m=============[0m[37m=======[0m [1m2s[0m 236ms/step - accuracy: 0.9954 - loss: 0.0235
[1m20/28[0m [32m==============[0m[37m======[0m [1m1s[0m 237ms/step - accuracy: 0.9952 - loss: 0.0239
[1m21/28[0m [32m===============[0m[37m=====[0m [1m1s[0m 237ms/step - accuracy: 0.9950 - loss: 0.0242
[1m22/28[0m [32m===============[0m[37m=====[0m [1m1s[0m 238ms/step - accuracy: 0.9948 - loss: 0.0244
[1m23/28[0m [32m================[0m[37m====[0m [1m1s[0m 238ms/step - accuracy: 0.9947 - loss: 0.0246
[1m24/28[0m [32m=================[0m[37m===[0m [1m0s[0m 238ms/step - accuracy: 0.9946 - loss: 0.0248
[1m25/28[0m [32m=================[0m[37m===[0m [1m0s[0m 238ms/step - accuracy: 0.9945 - loss: 0.0250
[1m26/28[0m [32m==================[0m[37m==[0m [1m0s[0m 238ms/step - accuracy: 0.9944 - loss: 0.0252
[1m27/28[0m [32m===================[0m[37m=[0m [1m0s[0m 239ms/step - accuracy: 0.9943 - loss: 0.0253
[1m28/28[0m [32m====================[0m[37m[0m [1m0s[0m 232ms/step - accuracy: 0.9941 - loss: 0.0256
Epoch 20: val_accuracy did not improve from 0.92627

[1m28/28[0m [32m====================[0m[37m[0m [1m8s[0m 284ms/step - accuracy: 0.9940 - loss: 0.0258 - val_accuracy: 0.9217 - val_loss: 0.2550
Epoch 21/25

[1m 1/28[0m [37m====================[0m [1m7s[0m 267ms/step - accuracy: 1.0000 - loss: 0.0168
[1m 2/28[0m [32m=[0m[37m===================[0m [1m6s[0m 250ms/step - accuracy: 1.0000 - loss: 0.0200
[1m 3/28[0m [32m==[0m[37m==================[0m [1m6s[0m 249ms/step - accuracy: 1.0000 - loss: 0.0219
[1m 4/28[0m [32m==[0m[37m==================[0m [1m5s[0m 248ms/step - accuracy: 1.0000 - loss: 0.0220
[1m 5/28[0m [32m===[0m[37m=================[0m [1m5s[0m 254ms/step - accuracy: 1.0000 - loss: 0.0216
[1m 6/28[0m [32m====[0m[37m================[0m [1m5s[0m 252ms/step - accuracy: 0.9991 - loss: 0.0227
[1m 7/28[0m [32m=====[0m[37m===============[0m [1m5s[0m 251ms/step - accuracy: 0.9986 - loss: 0.0237
[1m 8/28[0m [32m=====[0m[37m===============[0m [1m4s[0m 250ms/step - accuracy: 0.9983 - loss: 0.0244
[1m 9/28[0m [32m======[0m[37m==============[0m [1m4s[0m 248ms/step - accuracy: 0.9981 - loss: 0.0250
[1m10/28[0m [32m=======[0m[37m=============[0m [1m4s[0m 247ms/step - accuracy: 0.9980 - loss: 0.0253
[1m11/28[0m [32m=======[0m[37m=============[0m [1m4s[0m 246ms/step - accuracy: 0.9976 - loss: 0.0257
[1m12/28[0m [32m========[0m[37m============[0m [1m3s[0m 245ms/step - accuracy: 0.9974 - loss: 0.0259
[1m13/28[0m [32m=========[0m[37m===========[0m [1m3s[0m 244ms/step - accuracy: 0.9971 - loss: 0.0265
[1m14/28[0m [32m==========[0m[37m==========[0m [1m3s[0m 244ms/step - accuracy: 0.9966 - loss: 0.0270
[1m15/28[0m [32m==========[0m[37m==========[0m [1m3s[0m 244ms/step - accuracy: 0.9962 - loss: 0.0276
[1m16/28[0m [32m===========[0m[37m=========[0m [1m2s[0m 245ms/step - accuracy: 0.9958 - loss: 0.0280
[1m17/28[0m [32m============[0m[37m========[0m [1m2s[0m 245ms/step - accuracy: 0.9954 - loss: 0.0286
[1m18/28[0m [32m============[0m[37m========[0m [1m2s[0m 245ms/step - accuracy: 0.9950 - loss: 0.0292
[1m19/28[0m [32m=============[0m[37m=======[0m [1m2s[0m 245ms/step - accuracy: 0.9946 - loss: 0.0297
[1m20/28[0m [32m==============[0m[37m======[0m [1m1s[0m 245ms/step - accuracy: 0.9943 - loss: 0.0301
[1m21/28[0m [32m===============[0m[37m=====[0m [1m1s[0m 245ms/step - accuracy: 0.9941 - loss: 0.0304
[1m22/28[0m [32m===============[0m[37m=====[0m [1m1s[0m 245ms/step - accuracy: 0.9939 - loss: 0.0307
[1m23/28[0m [32m================[0m[37m====[0m [1m1s[0m 245ms/step - accuracy: 0.9938 - loss: 0.0309
[1m24/28[0m [32m=================[0m[37m===[0m [1m0s[0m 246ms/step - accuracy: 0.9937 - loss: 0.0311
[1m25/28[0m [32m=================[0m[37m===[0m [1m0s[0m 246ms/step - accuracy: 0.9936 - loss: 0.0312
[1m26/28[0m [32m==================[0m[37m==[0m [1m0s[0m 246ms/step - accuracy: 0.9935 - loss: 0.0313
[1m27/28[0m [32m===================[0m[37m=[0m [1m0s[0m 246ms/step - accuracy: 0.9934 - loss: 0.0314
[1m28/28[0m [32m====================[0m[37m[0m [1m0s[0m 239ms/step - accuracy: 0.9934 - loss: 0.0314
Epoch 21: val_accuracy did not improve from 0.92627

[1m28/28[0m [32m====================[0m[37m[0m [1m8s[0m 290ms/step - accuracy: 0.9933 - loss: 0.0315 - val_accuracy: 0.9171 - val_loss: 0.3143
Epoch 22/25

[1m 1/28[0m [37m====================[0m [1m6s[0m 239ms/step - accuracy: 1.0000 - loss: 0.0271
[1m 2/28[0m [32m=[0m[37m===================[0m [1m6s[0m 234ms/step - accuracy: 1.0000 - loss: 0.0306
[1m 3/28[0m [32m==[0m[37m==================[0m [1m5s[0m 235ms/step - accuracy: 1.0000 - loss: 0.0295
[1m 4/28[0m [32m==[0m[37m==================[0m [1m5s[0m 234ms/step - accuracy: 1.0000 - loss: 0.0278
[1m 5/28[0m [32m===[0m[37m=================[0m [1m5s[0m 234ms/step - accuracy: 1.0000 - loss: 0.0266
[1m 6/28[0m [32m====[0m[37m================[0m [1m5s[0m 236ms/step - accuracy: 0.9991 - loss: 0.0265
[1m 7/28[0m [32m=====[0m[37m===============[0m [1m4s[0m 235ms/step - accuracy: 0.9980 - loss: 0.0272
[1m 8/28[0m [32m=====[0m[37m===============[0m [1m4s[0m 235ms/step - accuracy: 0.9973 - loss: 0.0276
[1m 9/28[0m [32m======[0m[37m==============[0m [1m4s[0m 234ms/step - accuracy: 0.9968 - loss: 0.0277
[1m10/28[0m [32m=======[0m[37m=============[0m [1m4s[0m 235ms/step - accuracy: 0.9965 - loss: 0.0278
[1m11/28[0m [32m=======[0m[37m=============[0m [1m3s[0m 235ms/step - accuracy: 0.9958 - loss: 0.0286
[1m12/28[0m [32m========[0m[37m============[0m [1m3s[0m 235ms/step - accuracy: 0.9953 - loss: 0.0292
[1m13/28[0m [32m=========[0m[37m===========[0m [1m3s[0m 236ms/step - accuracy: 0.9947 - loss: 0.0297
[1m14/28[0m [32m==========[0m[37m==========[0m [1m3s[0m 237ms/step - accuracy: 0.9941 - loss: 0.0304
[1m15/28[0m [32m==========[0m[37m==========[0m [1m3s[0m 237ms/step - accuracy: 0.9935 - loss: 0.0312
[1m16/28[0m [32m===========[0m[37m=========[0m [1m2s[0m 238ms/step - accuracy: 0.9931 - loss: 0.0318
[1m17/28[0m [32m============[0m[37m========[0m [1m2s[0m 238ms/step - accuracy: 0.9927 - loss: 0.0324
[1m18/28[0m [32m============[0m[37m========[0m [1m2s[0m 238ms/step - accuracy: 0.9925 - loss: 0.0328
[1m19/28[0m [32m=============[0m[37m=======[0m [1m2s[0m 239ms/step - accuracy: 0.9923 - loss: 0.0333
[1m20/28[0m [32m==============[0m[37m======[0m [1m1s[0m 239ms/step - accuracy: 0.9921 - loss: 0.0336
[1m21/28[0m [32m===============[0m[37m=====[0m [1m1s[0m 239ms/step - accuracy: 0.9920 - loss: 0.0339
[1m22/28[0m [32m===============[0m[37m=====[0m [1m1s[0m 239ms/step - accuracy: 0.9919 - loss: 0.0341
[1m23/28[0m [32m================[0m[37m====[0m [1m1s[0m 240ms/step - accuracy: 0.9918 - loss: 0.0344
[1m24/28[0m [32m=================[0m[37m===[0m [1m0s[0m 239ms/step - accuracy: 0.9917 - loss: 0.0346
[1m25/28[0m [32m=================[0m[37m===[0m [1m0s[0m 239ms/step - accuracy: 0.9916 - loss: 0.0348
[1m26/28[0m [32m==================[0m[37m==[0m [1m0s[0m 238ms/step - accuracy: 0.9916 - loss: 0.0349
[1m27/28[0m [32m===================[0m[37m=[0m [1m0s[0m 238ms/step - accuracy: 0.9915 - loss: 0.0350
[1m28/28[0m [32m====================[0m[37m[0m [1m0s[0m 231ms/step - accuracy: 0.9915 - loss: 0.0351
Epoch 22: val_accuracy did not improve from 0.92627

[1m28/28[0m [32m====================[0m[37m[0m [1m8s[0m 281ms/step - accuracy: 0.9915 - loss: 0.0351 - val_accuracy: 0.8986 - val_loss: 0.3157

[stage 2] ·L½Õ backbone «á¬q ...
Epoch 1/12

[1m 1/28[0m [37m====================[0m [1m3:23[0m 8s/step - accuracy: 0.7188 - loss: 0.6040
[1m 2/28[0m [32m=[0m[37m===================[0m [1m8s[0m 325ms/step - accuracy: 0.6875 - loss: 0.7149
